2026-08-30 18:39:48 | INFO    | receipt_ai | starting pipeline run: 371 images from data\receipts
2026-08-30 18:39:49 | INFO    | receipt_ai | receipt=0 ocr_pass=raw store_status=medium date_status=missing total_status=missing items=2
2026-08-30 18:39:50 | INFO    | receipt_ai | receipt=1 ocr_pass=raw store_status=medium date_status=medium total_status=low items=15
2026-08-30 18:39:57 | INFO    | receipt_ai | receipt=10 ocr_pass=raw store_status=low date_status=missing total_status=low items=0
2026-08-30 18:39:58 | INFO    | receipt_ai | receipt=11 ocr_pass=raw store_status=low date_status=missing total_status=missing items=9
2026-08-30 18:39:59 | INFO    | receipt_ai | receipt=12 ocr_pass=raw store_status=medium date_status=medium total_status=low items=2
2026-08-30 18:40:04 | INFO    | receipt_ai | receipt=13 ocr_pass=raw store_status=low date_status=missing total_status=missing items=0
2026-08-30 18:40:27 | INFO    | receipt_ai | receipt=14 ocr_pass=raw store_status=missing date_status=missing total_status=missing items=0
2026-08-30 18:40:32 | INFO    | receipt_ai | receipt=15 ocr_pass=raw store_status=medium date_status=medium total_status=low items=0
2026-08-30 18:40:33 | INFO    | receipt_ai | receipt=16 ocr_pass=raw store_status=medium date_status=medium total_status=low items=4
2026-08-30 18:40:35 | INFO    | receipt_ai | receipt=17 ocr_pass=raw store_status=medium date_status=medium total_status=low items=12
2026-08-30 18:40:42 | INFO    | receipt_ai | receipt=18 ocr_pass=raw store_status=low date_status=medium total_status=low items=0
2026-08-30 18:40:48 | INFO    | receipt_ai | receipt=19 ocr_pass=raw store_status=low date_status=medium total_status=low items=0
2026-08-30 18:40:50 | INFO    | receipt_ai | receipt=2 ocr_pass=raw store_status=medium date_status=medium total_status=low items=0
2026-08-30 18:40:51 | INFO    | receipt_ai | receipt=20 ocr_pass=raw store_status=low date_status=medium total_status=ambiguous items=16
2026-08-30 18:40:52 | INFO    | receipt_ai | receipt=21 ocr_pass=raw store_status=medium date_status=medium total_status=missing items=1
2026-08-30 18:40:54 | INFO    | receipt_ai | receipt=3 ocr_pass=raw store_status=high date_status=medium total_status=low items=13
2026-08-30 18:40:55 | INFO    | receipt_ai | receipt=4 ocr_pass=raw store_status=low date_status=ambiguous total_status=ambiguous items=1
2026-08-30 18:40:58 | INFO    | receipt_ai | receipt=5 ocr_pass=raw store_status=low date_status=medium total_status=missing items=2
2026-08-30 18:40:59 | INFO    | receipt_ai | receipt=6 ocr_pass=raw store_status=medium date_status=medium total_status=missing items=0
2026-08-30 18:41:01 | INFO    | receipt_ai | receipt=7 ocr_pass=raw store_status=medium date_status=medium total_status=low items=4
2026-08-30 18:41:05 | INFO    | receipt_ai | receipt=8 ocr_pass=clahe_deskew store_status=medium date_status=missing total_status=low items=1
2026-08-30 18:41:07 | INFO    | receipt_ai | receipt=9 ocr_pass=raw store_status=medium date_status=missing total_status=low items=1
2026-08-30 18:41:08 | INFO    | receipt_ai | receipt=X00016469612 ocr_pass=raw store_status=high date_status=high total_status=ambiguous items=1
2026-08-30 18:41:09 | INFO    | receipt_ai | receipt=X00016469619 ocr_pass=raw store_status=high date_status=medium total_status=low items=2
2026-08-30 18:41:10 | INFO    | receipt_ai | receipt=X00016469620 ocr_pass=raw store_status=high date_status=ambiguous total_status=medium items=4
2026-08-30 18:41:11 | INFO    | receipt_ai | receipt=X00016469622 ocr_pass=raw store_status=high date_status=high total_status=medium items=0
2026-08-30 18:41:12 | INFO    | receipt_ai | receipt=X00016469623 ocr_pass=raw store_status=high date_status=medium total_status=low items=3
2026-08-30 18:41:14 | INFO    | receipt_ai | receipt=X00016469669 ocr_pass=raw store_status=high date_status=ambiguous total_status=low items=1
2026-08-30 18:41:15 | INFO    | receipt_ai | receipt=X00016469670 ocr_pass=raw store_status=high date_status=high total_status=low items=0
2026-08-30 18:41:16 | INFO    | receipt_ai | receipt=X00016469671 ocr_pass=raw store_status=high date_status=ambiguous total_status=high items=1
2026-08-30 18:41:17 | INFO    | receipt_ai | receipt=X00016469672 ocr_pass=raw store_status=high date_status=ambiguous total_status=medium items=8
2026-08-30 18:41:18 | INFO    | receipt_ai | receipt=X00016469676 ocr_pass=raw store_status=high date_status=medium total_status=high items=1
2026-08-30 18:41:20 | INFO    | receipt_ai | receipt=X51005200931 ocr_pass=raw store_status=medium date_status=ambiguous total_status=ambiguous items=2
2026-08-30 18:41:22 | INFO    | receipt_ai | receipt=X51005200938 ocr_pass=raw store_status=medium date_status=ambiguous total_status=ambiguous items=2
2026-08-30 18:41:23 | INFO    | receipt_ai | receipt=X51005230605 ocr_pass=raw store_status=high date_status=ambiguous total_status=medium items=2
2026-08-30 18:41:24 | INFO    | receipt_ai | receipt=X51005230616 ocr_pass=raw store_status=high date_status=medium total_status=ambiguous items=3
2026-08-30 18:41:25 | INFO    | receipt_ai | receipt=X51005230617 ocr_pass=raw store_status=high date_status=medium total_status=ambiguous items=0
2026-08-30 18:41:27 | INFO    | receipt_ai | receipt=X51005230621 ocr_pass=raw store_status=high date_status=missing total_status=low items=3
2026-08-30 18:41:28 | INFO    | receipt_ai | receipt=X51005230648 ocr_pass=raw store_status=high date_status=medium total_status=low items=1
2026-08-30 18:41:29 | INFO    | receipt_ai | receipt=X51005230657 ocr_pass=raw store_status=high date_status=medium total_status=low items=0
2026-08-30 18:41:31 | INFO    | receipt_ai | receipt=X51005230659 ocr_pass=raw store_status=high date_status=ambiguous total_status=high items=1
2026-08-30 18:41:32 | INFO    | receipt_ai | receipt=X51005255805 ocr_pass=raw store_status=high date_status=medium total_status=low items=1
2026-08-30 18:41:34 | INFO    | receipt_ai | receipt=X51005268200 ocr_pass=raw store_status=low date_status=medium total_status=medium items=1
2026-08-30 18:41:35 | INFO    | receipt_ai | receipt=X51005268262 ocr_pass=raw store_status=high date_status=high total_status=ambiguous items=1
2026-08-30 18:41:37 | INFO    | receipt_ai | receipt=X51005268275 ocr_pass=raw store_status=high date_status=high total_status=missing items=3
2026-08-30 18:41:42 | INFO    | receipt_ai | receipt=X51005268400 ocr_pass=full store_status=low date_status=medium total_status=ambiguous items=0
2026-08-30 18:41:45 | INFO    | receipt_ai | receipt=X51005268408 ocr_pass=clahe_deskew store_status=medium date_status=missing total_status=medium items=0
2026-08-30 18:41:47 | INFO    | receipt_ai | receipt=X51005268472 ocr_pass=raw store_status=high date_status=missing total_status=low items=1
2026-08-30 18:41:48 | INFO    | receipt_ai | receipt=X51005288570 ocr_pass=raw store_status=high date_status=medium total_status=missing items=0
2026-08-30 18:41:49 | INFO    | receipt_ai | receipt=X51005301659 ocr_pass=raw store_status=high date_status=high total_status=ambiguous items=1
2026-08-30 18:41:51 | INFO    | receipt_ai | receipt=X51005301661 ocr_pass=raw store_status=high date_status=high total_status=missing items=2
2026-08-30 18:41:53 | INFO    | receipt_ai | receipt=X51005301666 ocr_pass=raw store_status=high date_status=high total_status=missing items=3
2026-08-30 18:41:55 | INFO    | receipt_ai | receipt=X51005301667 ocr_pass=raw store_status=medium date_status=medium total_status=low items=0
2026-08-30 18:41:56 | INFO    | receipt_ai | receipt=X51005303661 ocr_pass=raw store_status=high date_status=high total_status=missing items=2
2026-08-30 18:41:57 | INFO    | receipt_ai | receipt=X51005306399 ocr_pass=raw store_status=high date_status=medium total_status=medium items=2
2026-08-30 18:41:58 | INFO    | receipt_ai | receipt=X51005337867 ocr_pass=raw store_status=high date_status=medium total_status=medium items=2
2026-08-30 18:42:00 | INFO    | receipt_ai | receipt=X51005337872 ocr_pass=raw store_status=low date_status=ambiguous total_status=low items=5
2026-08-30 18:42:01 | INFO    | receipt_ai | receipt=X51005337877 ocr_pass=raw store_status=high date_status=high total_status=medium items=2
2026-08-30 18:42:02 | INFO    | receipt_ai | receipt=X51005361883 ocr_pass=raw store_status=medium date_status=high total_status=ambiguous items=1
2026-08-30 18:42:04 | INFO    | receipt_ai | receipt=X51005361895 ocr_pass=raw store_status=low date_status=medium total_status=medium items=0
2026-08-30 18:42:06 | INFO    | receipt_ai | receipt=X51005361897 ocr_pass=raw store_status=high date_status=high total_status=ambiguous items=0
2026-08-30 18:42:07 | INFO    | receipt_ai | receipt=X51005361898 ocr_pass=raw store_status=medium date_status=high total_status=ambiguous items=0
2026-08-30 18:42:09 | INFO    | receipt_ai | receipt=X51005361900 ocr_pass=raw store_status=high date_status=high total_status=ambiguous items=1
2026-08-30 18:42:12 | INFO    | receipt_ai | receipt=X51005361906 ocr_pass=raw store_status=medium date_status=medium total_status=ambiguous items=0
2026-08-30 18:42:13 | INFO    | receipt_ai | receipt=X51005361907 ocr_pass=raw store_status=low date_status=ambiguous total_status=ambiguous items=1
2026-08-30 18:42:15 | INFO    | receipt_ai | receipt=X51005361908 ocr_pass=raw store_status=low date_status=high total_status=ambiguous items=0
2026-08-30 18:42:17 | INFO    | receipt_ai | receipt=X51005361912 ocr_pass=raw store_status=medium date_status=high total_status=ambiguous items=0
2026-08-30 18:42:18 | INFO    | receipt_ai | receipt=X51005361923 ocr_pass=raw store_status=medium date_status=missing total_status=high items=1
2026-08-30 18:42:27 | INFO    | receipt_ai | receipt=X51005361946 ocr_pass=raw store_status=low date_status=medium total_status=low items=2
2026-08-30 18:42:28 | INFO    | receipt_ai | receipt=X51005361950 ocr_pass=raw store_status=low date_status=medium total_status=medium items=0
2026-08-30 18:42:29 | INFO    | receipt_ai | receipt=X51005365179 ocr_pass=raw store_status=high date_status=ambiguous total_status=medium items=0
2026-08-30 18:42:31 | INFO    | receipt_ai | receipt=X51005365187 ocr_pass=raw store_status=high date_status=ambiguous total_status=medium items=0
2026-08-30 18:42:32 | INFO    | receipt_ai | receipt=X51005433492 ocr_pass=raw store_status=high date_status=medium total_status=high items=2
2026-08-30 18:42:33 | INFO    | receipt_ai | receipt=X51005433494 ocr_pass=raw store_status=high date_status=ambiguous total_status=medium items=0
2026-08-30 18:42:34 | INFO    | receipt_ai | receipt=X51005433514 ocr_pass=raw store_status=low date_status=medium total_status=medium items=1
2026-08-30 18:42:35 | INFO    | receipt_ai | receipt=X51005433518 ocr_pass=raw store_status=high date_status=medium total_status=high items=2
2026-08-30 18:42:36 | INFO    | receipt_ai | receipt=X51005433522 ocr_pass=raw store_status=high date_status=medium total_status=high items=2
2026-08-30 18:42:38 | INFO    | receipt_ai | receipt=X51005433533 ocr_pass=raw store_status=high date_status=ambiguous total_status=ambiguous items=5
2026-08-30 18:42:39 | INFO    | receipt_ai | receipt=X51005433538 ocr_pass=raw store_status=high date_status=medium total_status=low items=2
2026-08-30 18:42:40 | INFO    | receipt_ai | receipt=X51005433541 ocr_pass=raw store_status=low date_status=medium total_status=low items=1
2026-08-30 18:42:41 | INFO    | receipt_ai | receipt=X51005433543 ocr_pass=raw store_status=high date_status=medium total_status=low items=2
2026-08-30 18:42:42 | INFO    | receipt_ai | receipt=X51005433548 ocr_pass=raw store_status=high date_status=medium total_status=missing items=2
2026-08-30 18:42:43 | INFO    | receipt_ai | receipt=X51005433552 ocr_pass=raw store_status=high date_status=high total_status=low items=3
2026-08-30 18:42:44 | INFO    | receipt_ai | receipt=X51005433553 ocr_pass=raw store_status=medium date_status=missing total_status=ambiguous items=1
2026-08-30 18:42:46 | INFO    | receipt_ai | receipt=X51005433556 ocr_pass=raw store_status=high date_status=ambiguous total_status=ambiguous items=0
2026-08-30 18:42:47 | INFO    | receipt_ai | receipt=X51005441398 ocr_pass=raw store_status=high date_status=high total_status=medium items=1
2026-08-30 18:42:48 | INFO    | receipt_ai | receipt=X51005441401 ocr_pass=raw store_status=high date_status=ambiguous total_status=medium items=3
2026-08-30 18:42:49 | INFO    | receipt_ai | receipt=X51005441402 ocr_pass=raw store_status=high date_status=high total_status=missing items=1
2026-08-30 18:42:50 | INFO    | receipt_ai | receipt=X51005441407 ocr_pass=raw store_status=high date_status=ambiguous total_status=missing items=0
2026-08-30 18:42:51 | INFO    | receipt_ai | receipt=X51005441408 ocr_pass=raw store_status=high date_status=ambiguous total_status=low items=0
2026-08-30 18:42:52 | INFO    | receipt_ai | receipt=X51005442322 ocr_pass=raw store_status=high date_status=medium total_status=low items=1
2026-08-30 18:42:53 | INFO    | receipt_ai | receipt=X51005442327 ocr_pass=raw store_status=high date_status=medium total_status=high items=3
2026-08-30 18:42:54 | INFO    | receipt_ai | receipt=X51005442333 ocr_pass=raw store_status=medium date_status=medium total_status=medium items=3
2026-08-30 18:42:55 | INFO    | receipt_ai | receipt=X51005442334 ocr_pass=raw store_status=high date_status=medium total_status=high items=2
2026-08-30 18:42:57 | INFO    | receipt_ai | receipt=X51005442338 ocr_pass=clahe_deskew store_status=medium date_status=medium total_status=missing items=4
2026-08-30 18:43:01 | INFO    | receipt_ai | receipt=X51005442341 ocr_pass=raw store_status=medium date_status=ambiguous total_status=missing items=2
2026-08-30 18:43:03 | INFO    | receipt_ai | receipt=X51005442343 ocr_pass=raw store_status=high date_status=high total_status=medium items=0
2026-08-30 18:43:04 | INFO    | receipt_ai | receipt=X51005442344 ocr_pass=raw store_status=high date_status=high total_status=medium items=1
2026-08-30 18:43:05 | INFO    | receipt_ai | receipt=X51005442346 ocr_pass=raw store_status=high date_status=high total_status=ambiguous items=1
2026-08-30 18:43:06 | INFO    | receipt_ai | receipt=X51005442361 ocr_pass=raw store_status=medium date_status=high total_status=medium items=7
2026-08-30 18:43:07 | INFO    | receipt_ai | receipt=X51005442366 ocr_pass=raw store_status=high date_status=high total_status=low items=3
2026-08-30 18:43:08 | INFO    | receipt_ai | receipt=X51005442375 ocr_pass=raw store_status=high date_status=medium total_status=high items=2
2026-08-30 18:43:09 | INFO    | receipt_ai | receipt=X51005442376 ocr_pass=raw store_status=high date_status=medium total_status=high items=2
2026-08-30 18:43:10 | INFO    | receipt_ai | receipt=X51005442378 ocr_pass=raw store_status=medium date_status=medium total_status=medium items=0
2026-08-30 18:43:11 | INFO    | receipt_ai | receipt=X51005442379 ocr_pass=raw store_status=medium date_status=medium total_status=low items=1
2026-08-30 18:43:12 | INFO    | receipt_ai | receipt=X51005442382 ocr_pass=raw store_status=high date_status=medium total_status=high items=1
2026-08-30 18:43:13 | INFO    | receipt_ai | receipt=X51005442383 ocr_pass=raw store_status=high date_status=missing total_status=ambiguous items=1
2026-08-30 18:43:14 | INFO    | receipt_ai | receipt=X51005442384 ocr_pass=raw store_status=high date_status=medium total_status=high items=2
2026-08-30 18:43:15 | INFO    | receipt_ai | receipt=X51005442386 ocr_pass=raw store_status=high date_status=medium total_status=high items=2
2026-08-30 18:43:16 | INFO    | receipt_ai | receipt=X51005442388 ocr_pass=raw store_status=low date_status=medium total_status=missing items=4
2026-08-30 18:43:16 | INFO    | receipt_ai | receipt=X51005442392 ocr_pass=raw store_status=high date_status=medium total_status=high items=1
2026-08-30 18:43:17 | INFO    | receipt_ai | receipt=X51005442394 ocr_pass=raw store_status=high date_status=medium total_status=low items=2
2026-08-30 18:43:18 | INFO    | receipt_ai | receipt=X51005442397 ocr_pass=raw store_status=high date_status=high total_status=medium items=1
2026-08-30 18:43:20 | INFO    | receipt_ai | receipt=X51005444033 ocr_pass=raw store_status=high date_status=ambiguous total_status=low items=2
2026-08-30 18:43:21 | INFO    | receipt_ai | receipt=X51005444037 ocr_pass=raw store_status=medium date_status=medium total_status=missing items=3
2026-08-30 18:43:23 | INFO    | receipt_ai | receipt=X51005444040 ocr_pass=raw store_status=high date_status=ambiguous total_status=low items=3
2026-08-30 18:43:24 | INFO    | receipt_ai | receipt=X51005444041 ocr_pass=raw store_status=high date_status=ambiguous total_status=low items=4
2026-08-30 18:43:25 | INFO    | receipt_ai | receipt=X51005444044 ocr_pass=raw store_status=low date_status=ambiguous total_status=medium items=0
2026-08-30 18:43:27 | INFO    | receipt_ai | receipt=X51005444045 ocr_pass=raw store_status=low date_status=medium total_status=medium items=0
2026-08-30 18:43:28 | INFO    | receipt_ai | receipt=X51005444046 ocr_pass=raw store_status=low date_status=medium total_status=low items=3
2026-08-30 18:43:29 | INFO    | receipt_ai | receipt=X51005447832 ocr_pass=raw store_status=medium date_status=medium total_status=medium items=1
2026-08-30 18:43:30 | INFO    | receipt_ai | receipt=X51005447833 ocr_pass=raw store_status=high date_status=medium total_status=low items=0
2026-08-30 18:43:31 | INFO    | receipt_ai | receipt=X51005447839 ocr_pass=raw store_status=low date_status=ambiguous total_status=missing items=0
2026-08-30 18:43:33 | INFO    | receipt_ai | receipt=X51005447840 ocr_pass=raw store_status=high date_status=medium total_status=medium items=0
2026-08-30 18:43:34 | INFO    | receipt_ai | receipt=X51005447841 ocr_pass=raw store_status=high date_status=ambiguous total_status=medium items=0
2026-08-30 18:43:36 | INFO    | receipt_ai | receipt=X51005447842 ocr_pass=raw store_status=high date_status=medium total_status=low items=0
2026-08-30 18:43:37 | INFO    | receipt_ai | receipt=X51005447844 ocr_pass=raw store_status=medium date_status=high total_status=medium items=0
2026-08-30 18:43:38 | INFO    | receipt_ai | receipt=X51005447848 ocr_pass=raw store_status=high date_status=high total_status=missing items=7
2026-08-30 18:43:39 | INFO    | receipt_ai | receipt=X51005447850 ocr_pass=raw store_status=high date_status=ambiguous total_status=medium items=0
2026-08-30 18:43:40 | INFO    | receipt_ai | receipt=X51005447851 ocr_pass=raw store_status=high date_status=medium total_status=medium items=0
2026-08-30 18:43:41 | INFO    | receipt_ai | receipt=X51005447852 ocr_pass=raw store_status=low date_status=medium total_status=medium items=0
2026-08-30 18:43:42 | INFO    | receipt_ai | receipt=X51005447853 ocr_pass=raw store_status=medium date_status=missing total_status=low items=3
2026-08-30 18:43:43 | INFO    | receipt_ai | receipt=X51005447859 ocr_pass=raw store_status=high date_status=medium total_status=medium items=0
2026-08-30 18:43:45 | INFO    | receipt_ai | receipt=X51005447860 ocr_pass=raw store_status=low date_status=missing total_status=medium items=0
2026-08-30 18:43:47 | INFO    | receipt_ai | receipt=X51005447861 ocr_pass=raw store_status=low date_status=medium total_status=ambiguous items=3
2026-08-30 18:43:48 | INFO    | receipt_ai | receipt=X51005453729 ocr_pass=raw store_status=medium date_status=missing total_status=ambiguous items=1
2026-08-30 18:43:49 | INFO    | receipt_ai | receipt=X51005453801 ocr_pass=raw store_status=high date_status=high total_status=ambiguous items=0
2026-08-30 18:43:49 | INFO    | receipt_ai | receipt=X51005453802 ocr_pass=raw store_status=medium date_status=missing total_status=ambiguous items=0
2026-08-30 18:43:50 | INFO    | receipt_ai | receipt=X51005453804 ocr_pass=raw store_status=medium date_status=missing total_status=ambiguous items=0
2026-08-30 18:43:51 | INFO    | receipt_ai | receipt=X51005568827 ocr_pass=raw store_status=high date_status=high total_status=ambiguous items=1
2026-08-30 18:43:53 | INFO    | receipt_ai | receipt=X51005568829 ocr_pass=raw store_status=medium date_status=high total_status=low items=4
2026-08-30 18:43:55 | INFO    | receipt_ai | receipt=X51005568855 ocr_pass=raw store_status=medium date_status=medium total_status=missing items=18
2026-08-30 18:43:56 | INFO    | receipt_ai | receipt=X51005568866 ocr_pass=raw store_status=low date_status=medium total_status=medium items=1
2026-08-30 18:43:58 | INFO    | receipt_ai | receipt=X51005568880 ocr_pass=raw store_status=medium date_status=medium total_status=low items=4
2026-08-30 18:43:59 | INFO    | receipt_ai | receipt=X51005568881 ocr_pass=raw store_status=high date_status=medium total_status=ambiguous items=0
2026-08-30 18:44:01 | INFO    | receipt_ai | receipt=X51005568884 ocr_pass=raw store_status=medium date_status=medium total_status=medium items=1
2026-08-30 18:44:02 | INFO    | receipt_ai | receipt=X51005568885 ocr_pass=raw store_status=high date_status=missing total_status=ambiguous items=0
2026-08-30 18:44:03 | INFO    | receipt_ai | receipt=X51005568887 ocr_pass=raw store_status=high date_status=missing total_status=low items=0
2026-08-30 18:44:04 | INFO    | receipt_ai | receipt=X51005568889 ocr_pass=raw store_status=high date_status=missing total_status=ambiguous items=0
2026-08-30 18:44:05 | INFO    | receipt_ai | receipt=X51005568890 ocr_pass=raw store_status=medium date_status=missing total_status=ambiguous items=0
2026-08-30 18:44:07 | INFO    | receipt_ai | receipt=X51005568891 ocr_pass=raw store_status=high date_status=ambiguous total_status=ambiguous items=1
2026-08-30 18:44:12 | INFO    | receipt_ai | receipt=X51005568892 ocr_pass=full store_status=medium date_status=missing total_status=low items=0
2026-08-30 18:44:14 | INFO    | receipt_ai | receipt=X51005568894 ocr_pass=raw store_status=low date_status=high total_status=low items=1
2026-08-30 18:44:15 | INFO    | receipt_ai | receipt=X51005568895 ocr_pass=raw store_status=low date_status=high total_status=low items=1
2026-08-30 18:44:16 | INFO    | receipt_ai | receipt=X51005568898 ocr_pass=raw store_status=low date_status=medium total_status=low items=1
2026-08-30 18:44:18 | INFO    | receipt_ai | receipt=X51005568899 ocr_pass=raw store_status=medium date_status=medium total_status=medium items=1
2026-08-30 18:44:19 | INFO    | receipt_ai | receipt=X51005568900 ocr_pass=raw store_status=medium date_status=medium total_status=medium items=1
2026-08-30 18:44:20 | INFO    | receipt_ai | receipt=X51005568911 ocr_pass=raw store_status=medium date_status=ambiguous total_status=medium items=4
2026-08-30 18:44:22 | INFO    | receipt_ai | receipt=X51005568913 ocr_pass=raw store_status=high date_status=high total_status=ambiguous items=0
2026-08-30 18:44:23 | INFO    | receipt_ai | receipt=X51005568914 ocr_pass=raw store_status=high date_status=ambiguous total_status=low items=0
2026-08-30 18:44:24 | INFO    | receipt_ai | receipt=X51005577191 ocr_pass=raw store_status=low date_status=ambiguous total_status=ambiguous items=1
2026-08-30 18:44:26 | INFO    | receipt_ai | receipt=X51005577192 ocr_pass=clahe_deskew store_status=high date_status=ambiguous total_status=ambiguous items=2
2026-08-30 18:44:27 | INFO    | receipt_ai | receipt=X51005582745 ocr_pass=raw store_status=high date_status=ambiguous total_status=ambiguous items=0
2026-08-30 18:44:29 | INFO    | receipt_ai | receipt=X51005587254 ocr_pass=raw store_status=medium date_status=high total_status=low items=1
2026-08-30 18:44:30 | INFO    | receipt_ai | receipt=X51005587261 ocr_pass=raw store_status=high date_status=medium total_status=medium items=1
2026-08-30 18:44:32 | INFO    | receipt_ai | receipt=X51005587267 ocr_pass=raw store_status=high date_status=ambiguous total_status=missing items=9
2026-08-30 18:44:33 | INFO    | receipt_ai | receipt=X51005605284 ocr_pass=raw store_status=high date_status=medium total_status=ambiguous items=2
2026-08-30 18:44:34 | INFO    | receipt_ai | receipt=X51005605285 ocr_pass=raw store_status=medium date_status=medium total_status=high items=1
2026-08-30 18:44:35 | INFO    | receipt_ai | receipt=X51005605286 ocr_pass=raw store_status=low date_status=ambiguous total_status=medium items=0
2026-08-30 18:44:36 | INFO    | receipt_ai | receipt=X51005605287 ocr_pass=raw store_status=low date_status=medium total_status=medium items=0
2026-08-30 18:44:37 | INFO    | receipt_ai | receipt=X51005605295 ocr_pass=raw store_status=low date_status=medium total_status=low items=0
2026-08-30 18:44:38 | INFO    | receipt_ai | receipt=X51005605332 ocr_pass=raw store_status=medium date_status=medium total_status=ambiguous items=0
2026-08-30 18:44:39 | INFO    | receipt_ai | receipt=X51005605333 ocr_pass=raw store_status=medium date_status=missing total_status=ambiguous items=2
2026-08-30 18:44:40 | INFO    | receipt_ai | receipt=X51005605334 ocr_pass=raw store_status=low date_status=medium total_status=low items=1
2026-08-30 18:44:42 | INFO    | receipt_ai | receipt=X51005605335 ocr_pass=raw store_status=high date_status=ambiguous total_status=low items=1
2026-08-30 18:44:43 | INFO    | receipt_ai | receipt=X51005621482 ocr_pass=raw store_status=medium date_status=high total_status=medium items=0
2026-08-30 18:44:45 | INFO    | receipt_ai | receipt=X51005663272 ocr_pass=raw store_status=medium date_status=ambiguous total_status=low items=1
2026-08-30 18:44:46 | INFO    | receipt_ai | receipt=X51005663273 ocr_pass=raw store_status=high date_status=ambiguous total_status=medium items=0
2026-08-30 18:44:47 | INFO    | receipt_ai | receipt=X51005663274 ocr_pass=raw store_status=high date_status=ambiguous total_status=low items=0
2026-08-30 18:44:48 | INFO    | receipt_ai | receipt=X51005663276 ocr_pass=raw store_status=high date_status=ambiguous total_status=medium items=0
2026-08-30 18:44:49 | INFO    | receipt_ai | receipt=X51005663277 ocr_pass=raw store_status=high date_status=ambiguous total_status=medium items=0
2026-08-30 18:44:51 | INFO    | receipt_ai | receipt=X51005663278 ocr_pass=raw store_status=high date_status=high total_status=ambiguous items=0
2026-08-30 18:44:52 | INFO    | receipt_ai | receipt=X51005663279 ocr_pass=raw store_status=high date_status=high total_status=medium items=0
2026-08-30 18:44:53 | INFO    | receipt_ai | receipt=X51005663280 ocr_pass=raw store_status=medium date_status=medium total_status=low items=1
2026-08-30 18:44:55 | INFO    | receipt_ai | receipt=X51005663293 ocr_pass=raw store_status=high date_status=high total_status=ambiguous items=0
2026-08-30 18:44:56 | INFO    | receipt_ai | receipt=X51005663297 ocr_pass=raw store_status=high date_status=high total_status=medium items=0
2026-08-30 18:44:58 | INFO    | receipt_ai | receipt=X51005663298 ocr_pass=raw store_status=medium date_status=high total_status=ambiguous items=0
2026-08-30 18:44:59 | INFO    | receipt_ai | receipt=X51005663300 ocr_pass=raw store_status=high date_status=high total_status=low items=0
2026-08-30 18:45:01 | INFO    | receipt_ai | receipt=X51005663301 ocr_pass=raw store_status=medium date_status=ambiguous total_status=low items=0
2026-08-30 18:45:03 | INFO    | receipt_ai | receipt=X51005663307 ocr_pass=raw store_status=low date_status=ambiguous total_status=medium items=0
2026-08-30 18:45:08 | INFO    | receipt_ai | receipt=X51005663309 ocr_pass=clahe_deskew store_status=medium date_status=ambiguous total_status=medium items=0
2026-08-30 18:45:09 | INFO    | receipt_ai | receipt=X51005663310 ocr_pass=raw store_status=medium date_status=ambiguous total_status=missing items=0
2026-08-30 18:45:11 | INFO    | receipt_ai | receipt=X51005663311 ocr_pass=raw store_status=medium date_status=missing total_status=low items=0
2026-08-30 18:45:13 | INFO    | receipt_ai | receipt=X51005663317 ocr_pass=raw store_status=medium date_status=high total_status=medium items=0
2026-08-30 18:45:14 | INFO    | receipt_ai | receipt=X51005663323 ocr_pass=raw store_status=medium date_status=ambiguous total_status=medium items=0
2026-08-30 18:45:16 | INFO    | receipt_ai | receipt=X51005663324 ocr_pass=raw store_status=high date_status=high total_status=medium items=0
2026-08-30 18:45:17 | INFO    | receipt_ai | receipt=X51005675095 ocr_pass=raw store_status=medium date_status=medium total_status=missing items=1
2026-08-30 18:45:19 | INFO    | receipt_ai | receipt=X51005675099 ocr_pass=raw store_status=high date_status=high total_status=medium items=0
2026-08-30 18:45:20 | INFO    | receipt_ai | receipt=X51005675103 ocr_pass=raw store_status=high date_status=ambiguous total_status=medium items=0
2026-08-30 18:45:22 | INFO    | receipt_ai | receipt=X51005675104 ocr_pass=raw store_status=high date_status=high total_status=medium items=0
2026-08-30 18:45:24 | INFO    | receipt_ai | receipt=X51005675914 ocr_pass=raw store_status=high date_status=missing total_status=high items=1
2026-08-30 18:45:26 | INFO    | receipt_ai | receipt=X51005676534 ocr_pass=raw store_status=high date_status=ambiguous total_status=medium items=0
2026-08-30 18:45:28 | INFO    | receipt_ai | receipt=X51005676535 ocr_pass=raw store_status=high date_status=high total_status=medium items=0
2026-08-30 18:45:31 | INFO    | receipt_ai | receipt=X51005676536 ocr_pass=raw store_status=high date_status=ambiguous total_status=medium items=0
2026-08-30 18:45:33 | INFO    | receipt_ai | receipt=X51005676537 ocr_pass=raw store_status=high date_status=ambiguous total_status=medium items=0
2026-08-30 18:45:36 | INFO    | receipt_ai | receipt=X51005676538 ocr_pass=raw store_status=high date_status=ambiguous total_status=medium items=0
2026-08-30 18:45:38 | INFO    | receipt_ai | receipt=X51005676539 ocr_pass=raw store_status=high date_status=ambiguous total_status=medium items=0
2026-08-30 18:45:41 | INFO    | receipt_ai | receipt=X51005676540 ocr_pass=raw store_status=high date_status=ambiguous total_status=medium items=0
2026-08-30 18:45:45 | INFO    | receipt_ai | receipt=X51005676541 ocr_pass=raw store_status=high date_status=ambiguous total_status=medium items=0
2026-08-30 18:45:47 | INFO    | receipt_ai | receipt=X51005676542 ocr_pass=raw store_status=high date_status=high total_status=medium items=0
2026-08-30 18:45:48 | INFO    | receipt_ai | receipt=X51005676543 ocr_pass=raw store_status=high date_status=ambiguous total_status=medium items=0
2026-08-30 18:45:50 | INFO    | receipt_ai | receipt=X51005676544 ocr_pass=raw store_status=high date_status=ambiguous total_status=medium items=0
2026-08-30 18:45:51 | INFO    | receipt_ai | receipt=X51005676545 ocr_pass=raw store_status=high date_status=high total_status=medium items=0
2026-08-30 18:45:53 | INFO    | receipt_ai | receipt=X51005676546 ocr_pass=raw store_status=high date_status=ambiguous total_status=medium items=0
2026-08-30 18:45:55 | INFO    | receipt_ai | receipt=X51005676547 ocr_pass=raw store_status=high date_status=high total_status=medium items=0
2026-08-30 18:45:56 | INFO    | receipt_ai | receipt=X51005676548 ocr_pass=raw store_status=high date_status=high total_status=medium items=0
2026-08-30 18:45:58 | INFO    | receipt_ai | receipt=X51005676549 ocr_pass=raw store_status=medium date_status=ambiguous total_status=medium items=0
2026-08-30 18:46:00 | INFO    | receipt_ai | receipt=X51005677327 ocr_pass=raw store_status=high date_status=ambiguous total_status=medium items=0
2026-08-30 18:46:03 | INFO    | receipt_ai | receipt=X51005677328 ocr_pass=raw store_status=medium date_status=ambiguous total_status=medium items=0
2026-08-30 18:46:04 | INFO    | receipt_ai | receipt=X51005677329 ocr_pass=raw store_status=high date_status=ambiguous total_status=medium items=0
2026-08-30 18:46:06 | INFO    | receipt_ai | receipt=X51005677331 ocr_pass=raw store_status=high date_status=ambiguous total_status=medium items=0
2026-08-30 18:46:08 | INFO    | receipt_ai | receipt=X51005677332 ocr_pass=raw store_status=high date_status=ambiguous total_status=medium items=0
2026-08-30 18:46:10 | INFO    | receipt_ai | receipt=X51005677333 ocr_pass=raw store_status=high date_status=high total_status=medium items=0
2026-08-30 18:46:12 | INFO    | receipt_ai | receipt=X51005677334 ocr_pass=raw store_status=high date_status=high total_status=medium items=0
2026-08-30 18:46:13 | INFO    | receipt_ai | receipt=X51005677335 ocr_pass=raw store_status=high date_status=high total_status=medium items=0
2026-08-30 18:46:15 | INFO    | receipt_ai | receipt=X51005677336 ocr_pass=raw store_status=high date_status=high total_status=medium items=0
2026-08-30 18:46:17 | INFO    | receipt_ai | receipt=X51005677337 ocr_pass=raw store_status=high date_status=high total_status=medium items=0
2026-08-30 18:46:19 | INFO    | receipt_ai | receipt=X51005677339 ocr_pass=raw store_status=high date_status=ambiguous total_status=medium items=0
2026-08-30 18:46:20 | INFO    | receipt_ai | receipt=X51005684949 ocr_pass=raw store_status=high date_status=medium total_status=low items=0
2026-08-30 18:46:21 | INFO    | receipt_ai | receipt=X51005685355 ocr_pass=raw store_status=high date_status=medium total_status=low items=1
2026-08-30 18:46:23 | INFO    | receipt_ai | receipt=X51005685357 ocr_pass=raw store_status=medium date_status=ambiguous total_status=missing items=3
2026-08-30 18:46:25 | INFO    | receipt_ai | receipt=X51005705722 ocr_pass=raw store_status=high date_status=high total_status=ambiguous items=2
2026-08-30 18:46:27 | INFO    | receipt_ai | receipt=X51005705727 ocr_pass=raw store_status=high date_status=high total_status=ambiguous items=3
2026-08-30 18:46:29 | INFO    | receipt_ai | receipt=X51005705729 ocr_pass=raw store_status=high date_status=high total_status=ambiguous items=2
2026-08-30 18:46:32 | INFO    | receipt_ai | receipt=X51005705760 ocr_pass=raw store_status=high date_status=ambiguous total_status=low items=3
2026-08-30 18:46:35 | INFO    | receipt_ai | receipt=X51005705784 ocr_pass=raw store_status=medium date_status=high total_status=ambiguous items=1
2026-08-30 18:46:39 | INFO    | receipt_ai | receipt=X51005705804 ocr_pass=raw store_status=high date_status=missing total_status=ambiguous items=1
2026-08-30 18:46:40 | INFO    | receipt_ai | receipt=X51005710963 ocr_pass=raw store_status=medium date_status=high total_status=medium items=1
2026-08-30 18:46:41 | INFO    | receipt_ai | receipt=X51005711401 ocr_pass=raw store_status=high date_status=high total_status=missing items=0
2026-08-30 18:46:43 | INFO    | receipt_ai | receipt=X51005711402 ocr_pass=raw store_status=high date_status=high total_status=ambiguous items=0
2026-08-30 18:46:44 | INFO    | receipt_ai | receipt=X51005711403 ocr_pass=raw store_status=high date_status=high total_status=ambiguous items=0
2026-08-30 18:46:46 | INFO    | receipt_ai | receipt=X51005711404 ocr_pass=raw store_status=high date_status=high total_status=ambiguous items=0
2026-08-30 18:46:47 | INFO    | receipt_ai | receipt=X51005711441 ocr_pass=raw store_status=medium date_status=high total_status=medium items=0
2026-08-30 18:46:48 | INFO    | receipt_ai | receipt=X51005711442 ocr_pass=raw store_status=high date_status=high total_status=ambiguous items=0
2026-08-30 18:46:50 | INFO    | receipt_ai | receipt=X51005711443 ocr_pass=raw store_status=high date_status=high total_status=ambiguous items=0
2026-08-30 18:46:51 | INFO    | receipt_ai | receipt=X51005711444 ocr_pass=raw store_status=high date_status=high total_status=ambiguous items=0
2026-08-30 18:46:52 | INFO    | receipt_ai | receipt=X51005711445 ocr_pass=raw store_status=high date_status=ambiguous total_status=ambiguous items=0
2026-08-30 18:46:54 | INFO    | receipt_ai | receipt=X51005711446 ocr_pass=raw store_status=high date_status=ambiguous total_status=ambiguous items=0
2026-08-30 18:46:56 | INFO    | receipt_ai | receipt=X51005711447 ocr_pass=raw store_status=high date_status=high total_status=ambiguous items=0
2026-08-30 18:46:58 | INFO    | receipt_ai | receipt=X51005711449 ocr_pass=raw store_status=high date_status=ambiguous total_status=ambiguous items=0
2026-08-30 18:47:00 | INFO    | receipt_ai | receipt=X51005711451 ocr_pass=raw store_status=high date_status=ambiguous total_status=ambiguous items=0
2026-08-30 18:47:02 | INFO    | receipt_ai | receipt=X51005711452 ocr_pass=raw store_status=high date_status=medium total_status=ambiguous items=3
2026-08-30 18:47:03 | INFO    | receipt_ai | receipt=X51005711453 ocr_pass=raw store_status=high date_status=ambiguous total_status=ambiguous items=2
2026-08-30 18:47:05 | INFO    | receipt_ai | receipt=X51005711454 ocr_pass=raw store_status=high date_status=medium total_status=low items=3
2026-08-30 18:47:06 | INFO    | receipt_ai | receipt=X51005711456 ocr_pass=raw store_status=high date_status=high total_status=ambiguous items=1
2026-08-30 18:47:07 | INFO    | receipt_ai | receipt=X51005712017 ocr_pass=raw store_status=high date_status=medium total_status=ambiguous items=2
2026-08-30 18:47:09 | INFO    | receipt_ai | receipt=X51005712021 ocr_pass=raw store_status=high date_status=high total_status=missing items=3
2026-08-30 18:47:10 | INFO    | receipt_ai | receipt=X51005712038 ocr_pass=raw store_status=high date_status=medium total_status=low items=1
2026-08-30 18:47:12 | INFO    | receipt_ai | receipt=X51005712039 ocr_pass=raw store_status=high date_status=high total_status=medium items=2
2026-08-30 18:47:13 | INFO    | receipt_ai | receipt=X51005715007 ocr_pass=raw store_status=medium date_status=high total_status=ambiguous items=0
2026-08-30 18:47:15 | INFO    | receipt_ai | receipt=X51005715010 ocr_pass=raw store_status=medium date_status=missing total_status=low items=1
2026-08-30 18:47:17 | INFO    | receipt_ai | receipt=X51005715451 ocr_pass=raw store_status=high date_status=ambiguous total_status=low items=1
2026-08-30 18:47:21 | INFO    | receipt_ai | receipt=X51005715455 ocr_pass=clahe_deskew store_status=low date_status=missing total_status=low items=1
2026-08-30 18:47:23 | INFO    | receipt_ai | receipt=X51005715456 ocr_pass=raw store_status=high date_status=high total_status=medium items=0
2026-08-30 18:47:24 | INFO    | receipt_ai | receipt=X51005717526 ocr_pass=raw store_status=high date_status=ambiguous total_status=ambiguous items=3
2026-08-30 18:47:25 | INFO    | receipt_ai | receipt=X51005719814 ocr_pass=raw store_status=high date_status=high total_status=missing items=2
2026-08-30 18:47:27 | INFO    | receipt_ai | receipt=X51005719823 ocr_pass=raw store_status=low date_status=high total_status=low items=0
2026-08-30 18:47:29 | INFO    | receipt_ai | receipt=X51005719855 ocr_pass=raw store_status=high date_status=medium total_status=low items=5
2026-08-30 18:47:31 | INFO    | receipt_ai | receipt=X51005719856 ocr_pass=raw store_status=medium date_status=high total_status=ambiguous items=0
2026-08-30 18:47:33 | INFO    | receipt_ai | receipt=X51005719857 ocr_pass=raw store_status=high date_status=high total_status=ambiguous items=0
2026-08-30 18:47:34 | INFO    | receipt_ai | receipt=X51005719862 ocr_pass=raw store_status=medium date_status=ambiguous total_status=low items=0
2026-08-30 18:47:41 | INFO    | receipt_ai | receipt=X51005719863 ocr_pass=full store_status=low date_status=ambiguous total_status=missing items=0
2026-08-30 18:47:42 | INFO    | receipt_ai | receipt=X51005719864 ocr_pass=raw store_status=medium date_status=missing total_status=low items=1
2026-08-30 18:47:44 | INFO    | receipt_ai | receipt=X51005719873 ocr_pass=raw store_status=medium date_status=high total_status=low items=1
2026-08-30 18:47:44 | INFO    | receipt_ai | receipt=X51005719874 ocr_pass=raw store_status=high date_status=missing total_status=medium items=2
2026-08-30 18:47:46 | INFO    | receipt_ai | receipt=X51005719882 ocr_pass=raw store_status=low date_status=medium total_status=low items=1
2026-08-30 18:47:47 | INFO    | receipt_ai | receipt=X51005719883 ocr_pass=raw store_status=low date_status=medium total_status=medium items=0
2026-08-30 18:47:48 | INFO    | receipt_ai | receipt=X51005719886 ocr_pass=raw store_status=medium date_status=missing total_status=missing items=5
2026-08-30 18:47:49 | INFO    | receipt_ai | receipt=X51005719888 ocr_pass=raw store_status=high date_status=ambiguous total_status=medium items=0
2026-08-30 18:47:50 | INFO    | receipt_ai | receipt=X51005719889 ocr_pass=raw store_status=low date_status=ambiguous total_status=medium items=0
2026-08-30 18:47:51 | INFO    | receipt_ai | receipt=X51005719893 ocr_pass=raw store_status=medium date_status=medium total_status=low items=0
2026-08-30 18:47:52 | INFO    | receipt_ai | receipt=X51005719895 ocr_pass=raw store_status=high date_status=ambiguous total_status=ambiguous items=3
2026-08-30 18:47:53 | INFO    | receipt_ai | receipt=X51005719896 ocr_pass=raw store_status=medium date_status=medium total_status=medium items=0
2026-08-30 18:47:54 | INFO    | receipt_ai | receipt=X51005719898 ocr_pass=raw store_status=high date_status=medium total_status=medium items=1
2026-08-30 18:47:55 | INFO    | receipt_ai | receipt=X51005719899 ocr_pass=raw store_status=high date_status=medium total_status=missing items=2
2026-08-30 18:47:56 | INFO    | receipt_ai | receipt=X51005719902 ocr_pass=raw store_status=low date_status=missing total_status=low items=2
2026-08-30 18:47:58 | INFO    | receipt_ai | receipt=X51005719903 ocr_pass=raw store_status=high date_status=ambiguous total_status=ambiguous items=1
2026-08-30 18:47:58 | INFO    | receipt_ai | receipt=X51005719904 ocr_pass=raw store_status=medium date_status=high total_status=high items=1
2026-08-30 18:48:00 | INFO    | receipt_ai | receipt=X51005719905 ocr_pass=raw store_status=high date_status=high total_status=medium items=0
2026-08-30 18:48:01 | INFO    | receipt_ai | receipt=X51005719906 ocr_pass=raw store_status=high date_status=high total_status=medium items=5
2026-08-30 18:48:03 | INFO    | receipt_ai | receipt=X51005719912 ocr_pass=raw store_status=medium date_status=ambiguous total_status=low items=0
2026-08-30 18:48:04 | INFO    | receipt_ai | receipt=X51005719914 ocr_pass=raw store_status=medium date_status=medium total_status=low items=5
2026-08-30 18:48:05 | INFO    | receipt_ai | receipt=X51005719917 ocr_pass=raw store_status=medium date_status=high total_status=low items=3
2026-08-30 18:48:07 | INFO    | receipt_ai | receipt=X51005722668 ocr_pass=raw store_status=high date_status=ambiguous total_status=medium items=0
2026-08-30 18:48:08 | INFO    | receipt_ai | receipt=X51005722699 ocr_pass=raw store_status=high date_status=ambiguous total_status=missing items=3
2026-08-30 18:48:09 | INFO    | receipt_ai | receipt=X51005724552 ocr_pass=raw store_status=high date_status=high total_status=medium items=0
2026-08-30 18:48:11 | INFO    | receipt_ai | receipt=X51005724554 ocr_pass=raw store_status=high date_status=high total_status=medium items=0
2026-08-30 18:48:12 | INFO    | receipt_ai | receipt=X51005724611 ocr_pass=raw store_status=medium date_status=ambiguous total_status=medium items=0
2026-08-30 18:48:13 | INFO    | receipt_ai | receipt=X51005724621 ocr_pass=raw store_status=high date_status=ambiguous total_status=medium items=0
2026-08-30 18:48:15 | INFO    | receipt_ai | receipt=X51005724622 ocr_pass=raw store_status=high date_status=ambiguous total_status=medium items=0
2026-08-30 18:48:16 | INFO    | receipt_ai | receipt=X51005724623 ocr_pass=raw store_status=high date_status=missing total_status=medium items=0
2026-08-30 18:48:17 | INFO    | receipt_ai | receipt=X51005724624 ocr_pass=raw store_status=high date_status=missing total_status=medium items=0
2026-08-30 18:48:19 | INFO    | receipt_ai | receipt=X51005724625 ocr_pass=raw store_status=high date_status=missing total_status=medium items=0
2026-08-30 18:48:20 | INFO    | receipt_ai | receipt=X51005724626 ocr_pass=raw store_status=high date_status=ambiguous total_status=medium items=0
2026-08-30 18:48:21 | INFO    | receipt_ai | receipt=X51005724627 ocr_pass=raw store_status=high date_status=high total_status=medium items=0
2026-08-30 18:48:23 | INFO    | receipt_ai | receipt=X51005724628 ocr_pass=raw store_status=medium date_status=ambiguous total_status=medium items=0
2026-08-30 18:48:24 | INFO    | receipt_ai | receipt=X51005724629 ocr_pass=raw store_status=medium date_status=missing total_status=medium items=0
2026-08-30 18:48:25 | INFO    | receipt_ai | receipt=X51005741929 ocr_pass=raw store_status=medium date_status=high total_status=low items=0
2026-08-30 18:48:26 | INFO    | receipt_ai | receipt=X51005741944 ocr_pass=raw store_status=medium date_status=medium total_status=low items=1
2026-08-30 18:48:27 | INFO    | receipt_ai | receipt=X51005742068 ocr_pass=raw store_status=medium date_status=medium total_status=high items=1
2026-08-30 18:48:27 | INFO    | receipt_ai | receipt=X51005742110 ocr_pass=raw store_status=high date_status=ambiguous total_status=low items=1
2026-08-30 18:48:28 | INFO    | receipt_ai | receipt=X51005745183 ocr_pass=raw store_status=low date_status=high total_status=missing items=2
2026-08-30 18:48:30 | INFO    | receipt_ai | receipt=X51005745187 ocr_pass=raw store_status=high date_status=missing total_status=medium items=1
2026-08-30 18:48:31 | INFO    | receipt_ai | receipt=X51005745188 ocr_pass=raw store_status=high date_status=medium total_status=low items=0
2026-08-30 18:48:32 | INFO    | receipt_ai | receipt=X51005745190 ocr_pass=raw store_status=high date_status=ambiguous total_status=missing items=7
2026-08-30 18:48:33 | INFO    | receipt_ai | receipt=X51005745213 ocr_pass=raw store_status=medium date_status=ambiguous total_status=missing items=0
2026-08-30 18:48:34 | INFO    | receipt_ai | receipt=X51005745214 ocr_pass=raw store_status=low date_status=ambiguous total_status=low items=1
2026-08-30 18:48:35 | INFO    | receipt_ai | receipt=X51005745244 ocr_pass=raw store_status=missing date_status=medium total_status=ambiguous items=1
2026-08-30 18:48:36 | INFO    | receipt_ai | receipt=X51005745249 ocr_pass=raw store_status=missing date_status=medium total_status=medium items=2
2026-08-30 18:48:37 | INFO    | receipt_ai | receipt=X51005745296 ocr_pass=raw store_status=high date_status=ambiguous total_status=medium items=2
2026-08-30 18:48:38 | INFO    | receipt_ai | receipt=X51005745298 ocr_pass=raw store_status=low date_status=medium total_status=low items=1
2026-08-30 18:48:39 | INFO    | receipt_ai | receipt=X51005746140 ocr_pass=raw store_status=high date_status=ambiguous total_status=low items=2
2026-08-30 18:48:40 | INFO    | receipt_ai | receipt=X51005746203 ocr_pass=raw store_status=high date_status=ambiguous total_status=low items=5
2026-08-30 18:48:41 | INFO    | receipt_ai | receipt=X51005746204 ocr_pass=raw store_status=low date_status=missing total_status=medium items=2
2026-08-30 18:48:42 | INFO    | receipt_ai | receipt=X51005746206 ocr_pass=raw store_status=high date_status=high total_status=ambiguous items=0
2026-08-30 18:48:43 | INFO    | receipt_ai | receipt=X51005746207 ocr_pass=raw store_status=high date_status=medium total_status=medium items=5
2026-08-30 18:48:45 | INFO    | receipt_ai | receipt=X51005746210 ocr_pass=raw store_status=low date_status=high total_status=low items=9
2026-08-30 18:48:46 | INFO    | receipt_ai | receipt=X51005749895 ocr_pass=raw store_status=low date_status=ambiguous total_status=medium items=4
2026-08-30 18:48:51 | INFO    | receipt_ai | receipt=X51005749904 ocr_pass=full store_status=low date_status=ambiguous total_status=low items=1
2026-08-30 18:48:52 | INFO    | receipt_ai | receipt=X51005749905 ocr_pass=raw store_status=low date_status=ambiguous total_status=medium items=0
2026-08-30 18:48:53 | INFO    | receipt_ai | receipt=X51005749912 ocr_pass=raw store_status=medium date_status=medium total_status=medium items=2
2026-08-30 18:48:54 | INFO    | receipt_ai | receipt=X51005757199 ocr_pass=raw store_status=medium date_status=missing total_status=high items=2
2026-08-30 18:48:56 | INFO    | receipt_ai | receipt=X51005757201 ocr_pass=raw store_status=low date_status=medium total_status=low items=5
2026-08-30 18:48:57 | INFO    | receipt_ai | receipt=X51005757233 ocr_pass=raw store_status=medium date_status=ambiguous total_status=low items=0
2026-08-30 18:48:58 | INFO    | receipt_ai | receipt=X51005757235 ocr_pass=raw store_status=low date_status=ambiguous total_status=ambiguous items=0
2026-08-30 18:48:59 | INFO    | receipt_ai | receipt=X51005757243 ocr_pass=raw store_status=medium date_status=ambiguous total_status=low items=0
2026-08-30 18:49:01 | INFO    | receipt_ai | receipt=X51005757248 ocr_pass=raw store_status=low date_status=ambiguous total_status=ambiguous items=1
2026-08-30 18:49:02 | INFO    | receipt_ai | receipt=X51005757273 ocr_pass=raw store_status=medium date_status=ambiguous total_status=low items=1
2026-08-30 18:49:03 | INFO    | receipt_ai | receipt=X51005757282 ocr_pass=raw store_status=medium date_status=ambiguous total_status=missing items=1
2026-08-30 18:49:04 | INFO    | receipt_ai | receipt=X51005757286 ocr_pass=raw store_status=medium date_status=high total_status=low items=0
2026-08-30 18:49:05 | INFO    | receipt_ai | receipt=X51005757290 ocr_pass=raw store_status=medium date_status=medium total_status=ambiguous items=2
2026-08-30 18:49:06 | INFO    | receipt_ai | receipt=X51005757292 ocr_pass=raw store_status=medium date_status=medium total_status=ambiguous items=0
2026-08-30 18:49:07 | INFO    | receipt_ai | receipt=X51005757294 ocr_pass=raw store_status=medium date_status=medium total_status=ambiguous items=0
2026-08-30 18:49:08 | INFO    | receipt_ai | receipt=X51005757304 ocr_pass=raw store_status=medium date_status=medium total_status=low items=0
2026-08-30 18:49:10 | INFO    | receipt_ai | receipt=X51005757308 ocr_pass=raw store_status=low date_status=medium total_status=ambiguous items=4
2026-08-30 18:49:11 | INFO    | receipt_ai | receipt=X51005757323 ocr_pass=raw store_status=medium date_status=medium total_status=ambiguous items=2
2026-08-30 18:49:12 | INFO    | receipt_ai | receipt=X51005757324 ocr_pass=raw store_status=medium date_status=medium total_status=ambiguous items=2
2026-08-30 18:49:13 | INFO    | receipt_ai | receipt=X51005757342 ocr_pass=raw store_status=medium date_status=medium total_status=ambiguous items=3
2026-08-30 18:49:14 | INFO    | receipt_ai | receipt=X51005757346 ocr_pass=raw store_status=medium date_status=medium total_status=ambiguous items=2
2026-08-30 18:49:15 | INFO    | receipt_ai | receipt=X51005757349 ocr_pass=raw store_status=medium date_status=medium total_status=medium items=2
2026-08-30 18:49:16 | INFO    | receipt_ai | receipt=X51005757351 ocr_pass=raw store_status=medium date_status=medium total_status=ambiguous items=2
2026-08-30 18:49:17 | INFO    | receipt_ai | receipt=X51005757353 ocr_pass=raw store_status=medium date_status=medium total_status=ambiguous items=3
2026-08-30 18:49:19 | INFO    | receipt_ai | receipt=X51005763940 ocr_pass=raw store_status=medium date_status=ambiguous total_status=low items=0
2026-08-30 18:49:20 | INFO    | receipt_ai | receipt=X51005763958 ocr_pass=raw store_status=high date_status=medium total_status=low items=1
2026-08-30 18:49:20 | INFO    | receipt_ai | receipt=X51005763964 ocr_pass=raw store_status=high date_status=ambiguous total_status=low items=1
2026-08-30 18:49:22 | INFO    | receipt_ai | receipt=X51005763999 ocr_pass=raw store_status=medium date_status=medium total_status=low items=5
2026-08-30 18:49:23 | INFO    | receipt_ai | receipt=X51005764031 ocr_pass=raw store_status=medium date_status=missing total_status=medium items=4
2026-08-30 18:49:24 | INFO    | receipt_ai | receipt=X51005764154 ocr_pass=raw store_status=medium date_status=high total_status=ambiguous items=0
2026-08-30 18:49:26 | INFO    | receipt_ai | receipt=X51005764161 ocr_pass=clahe_deskew store_status=low date_status=medium total_status=low items=1
2026-08-30 18:49:27 | INFO    | receipt_ai | receipt=X51005806678 ocr_pass=raw store_status=high date_status=high total_status=low items=0
2026-08-30 18:49:29 | INFO    | receipt_ai | receipt=X51005806679 ocr_pass=raw store_status=high date_status=missing total_status=medium items=0
2026-08-30 18:49:30 | INFO    | receipt_ai | receipt=X51005806685 ocr_pass=raw store_status=high date_status=medium total_status=medium items=1
2026-08-30 18:49:32 | INFO    | receipt_ai | receipt=X51005806692 ocr_pass=raw store_status=high date_status=high total_status=low items=0
2026-08-30 18:49:33 | INFO    | receipt_ai | receipt=X51005806695 ocr_pass=raw store_status=high date_status=high total_status=low items=1
2026-08-30 18:49:34 | INFO    | receipt_ai | receipt=X51005806696 ocr_pass=raw store_status=high date_status=medium total_status=medium items=0
2026-08-30 18:49:35 | INFO    | receipt_ai | receipt=X51005806698 ocr_pass=raw store_status=high date_status=medium total_status=ambiguous items=1
2026-08-30 18:49:36 | INFO    | receipt_ai | receipt=X51005806702 ocr_pass=raw store_status=high date_status=ambiguous total_status=medium items=0
2026-08-30 18:49:37 | INFO    | receipt_ai | receipt=X51005806703 ocr_pass=raw store_status=high date_status=ambiguous total_status=low items=1
2026-08-30 18:49:38 | INFO    | receipt_ai | receipt=X51005806716 ocr_pass=raw store_status=medium date_status=missing total_status=ambiguous items=2
2026-08-30 18:49:40 | INFO    | receipt_ai | receipt=X51005806718 ocr_pass=raw store_status=high date_status=medium total_status=missing items=2
2026-08-30 18:49:41 | INFO    | receipt_ai | receipt=X51005806719 ocr_pass=raw store_status=high date_status=high total_status=medium items=0
2026-08-30 18:49:41 | INFO    | receipt_ai | finished OCR/extraction for 371 receipts (0 schema errors)
